// Jest Snapshot v1, https://goo.gl/fbAQLP

exports[`RecipeEditor renders a properly 1`] = `ShallowWrapper {}`;
