// Jest Snapshot v1, https://goo.gl/fbAQLP

exports[`SignUpForm component renders a properly 1`] = `ShallowWrapper {}`;
