// Jest Snapshot v1, https://goo.gl/fbAQLP

exports[`RecipeItem component renders a properly 1`] = `ShallowWrapper {}`;
