// Jest Snapshot v1, https://goo.gl/fbAQLP

exports[`RecipeList component renders a properly 1`] = `ShallowWrapper {}`;
