// Jest Snapshot v1, https://goo.gl/fbAQLP

exports[`ButtonAuthorization component renders a properly 1`] = `ShallowWrapper {}`;
