// Jest Snapshot v1, https://goo.gl/fbAQLP

exports[`Recipe renders a properly 1`] = `ShallowWrapper {}`;
