// Jest Snapshot v1, https://goo.gl/fbAQLP

exports[`Legend renders a properly 1`] = `ShallowWrapper {}`;
