// Jest Snapshot v1, https://goo.gl/fbAQLP

exports[`LogInForm component renders a properly 1`] = `ShallowWrapper {}`;
