// Jest Snapshot v1, https://goo.gl/fbAQLP

exports[`Modal component renders a properly 1`] = `ShallowWrapper {}`;
