// Jest Snapshot v1, https://goo.gl/fbAQLP

exports[`ButtonAdd component renders a properly 1`] = `ShallowWrapper {}`;
