// Jest Snapshot v1, https://goo.gl/fbAQLP

exports[`LinkGoogle component renders a properly 1`] = `ShallowWrapper {}`;
