// Jest Snapshot v1, https://goo.gl/fbAQLP

exports[`BurgerMenu component renders a properly 1`] = `ShallowWrapper {}`;
