// Jest Snapshot v1, https://goo.gl/fbAQLP

exports[`Navigation component renders a properly 1`] = `ShallowWrapper {}`;
