// Jest Snapshot v1, https://goo.gl/fbAQLP

exports[`LevelSelector renders a properly 1`] = `ShallowWrapper {}`;
