// Jest Snapshot v1, https://goo.gl/fbAQLP

exports[`Footer component renders a properly 1`] = `ShallowWrapper {}`;
